mode: set
github.com/amezianechayer/aurex/api/http.go:21.78,26.39 3 0
github.com/amezianechayer/aurex/api/http.go:33.2,33.39 1 0
github.com/amezianechayer/aurex/api/http.go:42.2,42.46 1 0
github.com/amezianechayer/aurex/api/http.go:55.2,55.47 1 0
github.com/amezianechayer/aurex/api/http.go:66.2,66.42 1 0
github.com/amezianechayer/aurex/api/http.go:83.2,83.51 1 0
github.com/amezianechayer/aurex/api/http.go:92.2,98.42 2 0
github.com/amezianechayer/aurex/api/http.go:105.2,105.10 1 0
github.com/amezianechayer/aurex/api/http.go:26.39,31.3 1 0
github.com/amezianechayer/aurex/api/http.go:33.39,40.3 2 0
github.com/amezianechayer/aurex/api/http.go:42.46,53.3 2 0
github.com/amezianechayer/aurex/api/http.go:55.47,64.3 4 0
github.com/amezianechayer/aurex/api/http.go:66.42,76.17 3 0
github.com/amezianechayer/aurex/api/http.go:80.3,80.19 1 0
github.com/amezianechayer/aurex/api/http.go:76.17,78.4 1 0
github.com/amezianechayer/aurex/api/http.go:83.51,90.3 2 0
github.com/amezianechayer/aurex/api/http.go:98.42,102.4 2 0
github.com/amezianechayer/aurex/api/http.go:108.27,110.2 1 0
github.com/amezianechayer/aurex/core/asset.go:5.34,9.2 2 0
github.com/amezianechayer/aurex/core/transaction.go:26.48,28.2 1 0
github.com/amezianechayer/aurex/core/transaction.go:30.52,39.2 6 1
github.com/amezianechayer/aurex/storage/postgres/aggregations.go:10.79,39.16 12 0
github.com/amezianechayer/aurex/storage/postgres/aggregations.go:44.2,44.18 1 0
github.com/amezianechayer/aurex/storage/postgres/aggregations.go:64.2,64.22 1 0
github.com/amezianechayer/aurex/storage/postgres/aggregations.go:39.16,42.3 2 0
github.com/amezianechayer/aurex/storage/postgres/aggregations.go:44.18,53.17 3 0
github.com/amezianechayer/aurex/storage/postgres/aggregations.go:57.3,57.22 1 0
github.com/amezianechayer/aurex/storage/postgres/aggregations.go:53.17,55.4 1 0
github.com/amezianechayer/aurex/storage/postgres/aggregations.go:57.22,59.4 1 0
github.com/amezianechayer/aurex/storage/postgres/aggregations.go:59.9,61.4 1 0
github.com/amezianechayer/aurex/storage/sqlite/store.go:22.54,33.16 3 0
github.com/amezianechayer/aurex/storage/sqlite/store.go:37.2,39.8 1 0
github.com/amezianechayer/aurex/storage/sqlite/store.go:33.16,35.3 1 0
github.com/amezianechayer/aurex/storage/sqlite/store.go:42.42,89.2 2 0
github.com/amezianechayer/aurex/storage/sqlite/store.go:91.31,94.2 2 0
github.com/amezianechayer/aurex/storage/sqlite/store.go:96.69,99.23 2 0
github.com/amezianechayer/aurex/storage/sqlite/store.go:143.2,143.20 1 0
github.com/amezianechayer/aurex/storage/sqlite/store.go:99.23,102.24 2 0
github.com/amezianechayer/aurex/storage/sqlite/store.go:106.3,113.17 2 0
github.com/amezianechayer/aurex/storage/sqlite/store.go:119.3,119.32 1 0
github.com/amezianechayer/aurex/storage/sqlite/store.go:102.24,104.4 1 0
github.com/amezianechayer/aurex/storage/sqlite/store.go:113.17,117.4 2 0
github.com/amezianechayer/aurex/storage/sqlite/store.go:119.32,135.18 2 0
github.com/amezianechayer/aurex/storage/sqlite/store.go:135.18,139.5 2 0
github.com/amezianechayer/aurex/storage/sqlite/store.go:146.58,152.2 3 0
github.com/amezianechayer/aurex/storage/sqlite/store.go:154.77,162.27 5 0
github.com/amezianechayer/aurex/storage/sqlite/store.go:168.2,176.16 4 0
github.com/amezianechayer/aurex/storage/sqlite/store.go:181.2,183.18 2 0
github.com/amezianechayer/aurex/storage/sqlite/store.go:222.2,222.33 1 0
github.com/amezianechayer/aurex/storage/sqlite/store.go:226.2,226.42 1 0
github.com/amezianechayer/aurex/storage/sqlite/store.go:230.2,237.15 6 0
github.com/amezianechayer/aurex/storage/sqlite/store.go:162.27,164.3 1 0
github.com/amezianechayer/aurex/storage/sqlite/store.go:164.8,166.3 1 0
github.com/amezianechayer/aurex/storage/sqlite/store.go:176.16,179.3 2 0
github.com/amezianechayer/aurex/storage/sqlite/store.go:183.18,200.17 6 0
github.com/amezianechayer/aurex/storage/sqlite/store.go:204.3,204.17 1 0
github.com/amezianechayer/aurex/storage/sqlite/store.go:208.3,208.39 1 0
github.com/amezianechayer/aurex/storage/sqlite/store.go:217.3,219.25 3 0
github.com/amezianechayer/aurex/storage/sqlite/store.go:200.17,202.4 1 0
github.com/amezianechayer/aurex/storage/sqlite/store.go:204.17,206.4 1 0
github.com/amezianechayer/aurex/storage/sqlite/store.go:208.39,215.4 1 0
github.com/amezianechayer/aurex/storage/sqlite/store.go:222.33,224.3 1 0
github.com/amezianechayer/aurex/storage/sqlite/store.go:226.42,228.3 1 0
github.com/amezianechayer/aurex/storage/sqlite/store.go:240.54,254.2 3 0
github.com/amezianechayer/aurex/storage/sqlite/store.go:256.73,262.19 4 0
github.com/amezianechayer/aurex/storage/sqlite/store.go:266.2,282.16 3 0
github.com/amezianechayer/aurex/storage/sqlite/store.go:286.2,304.16 2 0
github.com/amezianechayer/aurex/storage/sqlite/store.go:308.2,308.18 1 0
github.com/amezianechayer/aurex/storage/sqlite/store.go:323.2,331.15 7 0
github.com/amezianechayer/aurex/storage/sqlite/store.go:262.19,264.3 1 0
github.com/amezianechayer/aurex/storage/sqlite/store.go:282.16,284.3 1 0
github.com/amezianechayer/aurex/storage/sqlite/store.go:304.16,306.3 1 0
github.com/amezianechayer/aurex/storage/sqlite/store.go:308.18,313.17 3 0
github.com/amezianechayer/aurex/storage/sqlite/store.go:317.3,320.5 1 0
github.com/amezianechayer/aurex/storage/sqlite/store.go:313.17,315.4 1 0
github.com/amezianechayer/aurex/storage/sqlite/store.go:334.83,354.16 3 0
github.com/amezianechayer/aurex/storage/sqlite/store.go:358.2,358.18 1 0
github.com/amezianechayer/aurex/storage/sqlite/store.go:378.2,378.22 1 0
github.com/amezianechayer/aurex/storage/sqlite/store.go:354.16,356.3 1 0
github.com/amezianechayer/aurex/storage/sqlite/store.go:358.18,367.17 3 0
github.com/amezianechayer/aurex/storage/sqlite/store.go:371.3,371.21 1 0
github.com/amezianechayer/aurex/storage/sqlite/store.go:367.17,369.4 1 0
github.com/amezianechayer/aurex/storage/sqlite/store.go:371.21,373.4 1 0
github.com/amezianechayer/aurex/storage/sqlite/store.go:373.9,375.4 1 0
github.com/amezianechayer/aurex/ledger/ledger.go:25.67,29.16 3 0
github.com/amezianechayer/aurex/ledger/ledger.go:33.2,39.42 2 0
github.com/amezianechayer/aurex/ledger/ledger.go:51.2,51.15 1 0
github.com/amezianechayer/aurex/ledger/ledger.go:29.16,31.3 1 0
github.com/amezianechayer/aurex/ledger/ledger.go:39.42,43.4 3 0
github.com/amezianechayer/aurex/ledger/ledger.go:44.41,48.4 3 0
github.com/amezianechayer/aurex/ledger/ledger.go:54.26,56.2 1 0
github.com/amezianechayer/aurex/ledger/ledger.go:58.54,66.20 6 0
github.com/amezianechayer/aurex/ledger/ledger.go:76.2,78.20 2 0
github.com/amezianechayer/aurex/ledger/ledger.go:104.2,104.23 1 0
github.com/amezianechayer/aurex/ledger/ledger.go:141.2,145.12 3 0
github.com/amezianechayer/aurex/ledger/ledger.go:66.20,69.17 2 0
github.com/amezianechayer/aurex/ledger/ledger.go:73.3,73.18 1 0
github.com/amezianechayer/aurex/ledger/ledger.go:69.17,71.4 1 0
github.com/amezianechayer/aurex/ledger/ledger.go:78.20,79.31 1 0
github.com/amezianechayer/aurex/ledger/ledger.go:83.3,89.36 5 0
github.com/amezianechayer/aurex/ledger/ledger.go:79.31,81.4 1 0
github.com/amezianechayer/aurex/ledger/ledger.go:89.36,90.34 1 0
github.com/amezianechayer/aurex/ledger/ledger.go:94.4,96.39 2 0
github.com/amezianechayer/aurex/ledger/ledger.go:100.4,100.42 1 0
github.com/amezianechayer/aurex/ledger/ledger.go:90.34,92.5 1 0
github.com/amezianechayer/aurex/ledger/ledger.go:96.39,98.5 1 0
github.com/amezianechayer/aurex/ledger/ledger.go:104.23,105.23 1 0
github.com/amezianechayer/aurex/ledger/ledger.go:109.3,111.31 2 0
github.com/amezianechayer/aurex/ledger/ledger.go:119.3,119.23 1 0
github.com/amezianechayer/aurex/ledger/ledger.go:123.3,125.17 2 0
github.com/amezianechayer/aurex/ledger/ledger.go:129.3,129.29 1 0
github.com/amezianechayer/aurex/ledger/ledger.go:105.23,106.12 1 0
github.com/amezianechayer/aurex/ledger/ledger.go:111.31,112.28 1 0
github.com/amezianechayer/aurex/ledger/ledger.go:116.4,116.35 1 0
github.com/amezianechayer/aurex/ledger/ledger.go:112.28,113.13 1 0
github.com/amezianechayer/aurex/ledger/ledger.go:119.23,120.12 1 0
github.com/amezianechayer/aurex/ledger/ledger.go:125.17,127.4 1 0
github.com/amezianechayer/aurex/ledger/ledger.go:129.29,132.38 2 0
github.com/amezianechayer/aurex/ledger/ledger.go:132.38,137.5 1 0
github.com/amezianechayer/aurex/ledger/ledger.go:148.65,156.16 5 0
github.com/amezianechayer/aurex/ledger/ledger.go:160.2,162.19 2 0
github.com/amezianechayer/aurex/ledger/ledger.go:166.2,168.16 2 0
github.com/amezianechayer/aurex/ledger/ledger.go:156.16,158.3 1 0
github.com/amezianechayer/aurex/ledger/ledger.go:162.19,164.3 1 0
github.com/amezianechayer/aurex/ledger/ledger.go:171.83,176.2 3 0
github.com/amezianechayer/aurex/ledger/ledger.go:178.79,184.2 3 0
github.com/amezianechayer/aurex/ledger/ledger.go:186.67,194.16 3 0
github.com/amezianechayer/aurex/ledger/ledger.go:198.2,200.21 2 0
github.com/amezianechayer/aurex/ledger/ledger.go:194.16,196.3 1 0
github.com/amezianechayer/aurex/ledger/executor.go:12.52,13.24 1 0
github.com/amezianechayer/aurex/ledger/executor.go:17.2,20.16 3 0
github.com/amezianechayer/aurex/ledger/executor.go:24.2,24.79 1 0
github.com/amezianechayer/aurex/ledger/executor.go:28.2,33.12 3 0
github.com/amezianechayer/aurex/ledger/executor.go:13.24,15.3 1 0
github.com/amezianechayer/aurex/ledger/executor.go:20.16,22.3 1 0
github.com/amezianechayer/aurex/ledger/executor.go:24.79,26.3 1 0
github.com/amezianechayer/aurex/cmd/root.go:22.16,29.48 2 0
github.com/amezianechayer/aurex/cmd/root.go:53.2,71.48 4 0
github.com/amezianechayer/aurex/cmd/root.go:78.2,82.39 4 0
github.com/amezianechayer/aurex/cmd/root.go:29.48,32.31 1 0
github.com/amezianechayer/aurex/cmd/root.go:49.4,49.13 1 0
github.com/amezianechayer/aurex/cmd/root.go:32.31,35.58 2 0
github.com/amezianechayer/aurex/cmd/root.go:39.7,39.16 1 0
github.com/amezianechayer/aurex/cmd/root.go:35.58,37.8 1 0
github.com/amezianechayer/aurex/cmd/root.go:45.54,46.6 0 0
github.com/amezianechayer/aurex/cmd/root.go:71.48,75.4 3 0
github.com/amezianechayer/aurex/cmd/root.go:82.39,85.3 2 0
github.com/amezianechayer/aurex/cmd/ui.go:14.26,17.22 2 0
github.com/amezianechayer/aurex/cmd/ui.go:28.2,28.16 1 0
github.com/amezianechayer/aurex/cmd/ui.go:18.15,19.46 1 0
github.com/amezianechayer/aurex/cmd/ui.go:20.17,21.77 1 0
github.com/amezianechayer/aurex/cmd/ui.go:22.16,23.42 1 0
github.com/amezianechayer/aurex/cmd/ui.go:24.10,25.67 1 0
github.com/amezianechayer/aurex/cmd/ui.go:28.16,30.3 1 0
github.com/amezianechayer/aurex/cmd/ui.go:35.47,51.3 6 0
github.com/amezianechayer/aurex/ledger/query/query.go:15.40,21.24 2 0
github.com/amezianechayer/aurex/ledger/query/query.go:25.2,25.10 1 0
github.com/amezianechayer/aurex/ledger/query/query.go:21.24,23.3 1 0
github.com/amezianechayer/aurex/ledger/query/query.go:28.50,29.30 1 0
github.com/amezianechayer/aurex/ledger/query/query.go:29.30,31.3 1 0
github.com/amezianechayer/aurex/ledger/query/query.go:34.48,36.2 1 0
github.com/amezianechayer/aurex/ledger/query/query.go:38.44,41.13 2 0
github.com/amezianechayer/aurex/ledger/query/query.go:45.2,45.11 1 0
github.com/amezianechayer/aurex/ledger/query/query.go:41.13,43.3 1 0
github.com/amezianechayer/aurex/ledger/query/query.go:48.32,49.24 1 0
github.com/amezianechayer/aurex/ledger/query/query.go:49.24,51.3 1 0
github.com/amezianechayer/aurex/ledger/query/query.go:54.35,55.24 1 0
github.com/amezianechayer/aurex/ledger/query/query.go:55.24,57.3 1 0
github.com/amezianechayer/aurex/ledger/query/query.go:60.37,61.24 1 0
github.com/amezianechayer/aurex/ledger/query/query.go:61.24,63.3 1 0
github.com/amezianechayer/aurex/ledger/query/query.go:66.36,67.24 1 0
github.com/amezianechayer/aurex/ledger/query/query.go:67.24,69.3 1 0
github.com/amezianechayer/aurex/ledger/query/query.go:72.41,73.24 1 0
github.com/amezianechayer/aurex/ledger/query/query.go:73.24,75.3 1 0
github.com/amezianechayer/aurex/storage/postgres/store.go:16.35,24.16 3 0
github.com/amezianechayer/aurex/storage/postgres/store.go:28.2,30.12 2 0
github.com/amezianechayer/aurex/storage/postgres/store.go:24.16,26.3 1 0
github.com/amezianechayer/aurex/storage/postgres/store.go:33.36,34.23 1 0
github.com/amezianechayer/aurex/storage/postgres/store.go:42.2,42.15 1 0
github.com/amezianechayer/aurex/storage/postgres/store.go:34.23,37.17 2 0
github.com/amezianechayer/aurex/storage/postgres/store.go:37.17,38.14 1 0
github.com/amezianechayer/aurex/storage/postgres/store.go:45.50,52.16 3 0
github.com/amezianechayer/aurex/storage/postgres/store.go:56.2,56.19 1 0
github.com/amezianechayer/aurex/storage/postgres/store.go:52.16,54.3 1 0
github.com/amezianechayer/aurex/storage/postgres/store.go:59.38,116.16 3 0
github.com/amezianechayer/aurex/storage/postgres/store.go:120.2,120.12 1 0
github.com/amezianechayer/aurex/storage/postgres/store.go:116.16,117.13 1 0
github.com/amezianechayer/aurex/storage/postgres/store.go:123.27,125.2 1 0
github.com/amezianechayer/aurex/storage/storage.go:23.47,24.26 1 0
github.com/amezianechayer/aurex/storage/storage.go:33.2,36.4 1 0
github.com/amezianechayer/aurex/storage/storage.go:25.16,26.28 1 0
github.com/amezianechayer/aurex/storage/storage.go:27.18,28.30 1 0
github.com/amezianechayer/aurex/storage/storage.go:29.10,30.8 1 0
github.com/amezianechayer/aurex/main.go:7.13,9.2 1 0
github.com/amezianechayer/aurex/storage/sqlite/store_queries.go:11.80,15.19 3 0
github.com/amezianechayer/aurex/storage/sqlite/store_queries.go:20.2,21.25 2 0
github.com/amezianechayer/aurex/storage/sqlite/store_queries.go:26.2,41.19 2 0
github.com/amezianechayer/aurex/storage/sqlite/store_queries.go:15.19,18.3 2 0
github.com/amezianechayer/aurex/storage/sqlite/store_queries.go:21.25,24.3 2 0
github.com/amezianechayer/aurex/storage/sqlite/store_queries.go:44.87,48.19 3 0
github.com/amezianechayer/aurex/storage/sqlite/store_queries.go:53.2,86.19 3 0
github.com/amezianechayer/aurex/storage/sqlite/store_queries.go:48.19,51.3 2 0
github.com/amezianechayer/aurex/ledger/stats.go:8.41,13.16 3 0
github.com/amezianechayer/aurex/ledger/stats.go:17.2,19.16 2 0
github.com/amezianechayer/aurex/ledger/stats.go:23.2,26.8 1 0
github.com/amezianechayer/aurex/ledger/stats.go:13.16,15.3 1 0
github.com/amezianechayer/aurex/ledger/stats.go:19.16,21.3 1 0
github.com/amezianechayer/aurex/ledger/verification.go:3.33,6.2 1 0
github.com/amezianechayer/aurex/config/config.go:36.29,41.16 3 0
github.com/amezianechayer/aurex/config/config.go:45.2,49.10 3 0
github.com/amezianechayer/aurex/config/config.go:41.16,42.37 1 0
github.com/amezianechayer/aurex/config/config.go:52.36,56.2 2 0
github.com/amezianechayer/aurex/config/config.go:58.45,65.16 3 0
github.com/amezianechayer/aurex/config/config.go:69.2,71.46 2 0
github.com/amezianechayer/aurex/config/config.go:79.2,81.47 2 0
github.com/amezianechayer/aurex/config/config.go:89.2,97.31 4 0
github.com/amezianechayer/aurex/config/config.go:114.2,114.12 1 0
github.com/amezianechayer/aurex/config/config.go:118.2,120.52 2 0
github.com/amezianechayer/aurex/config/config.go:124.2,124.13 1 0
github.com/amezianechayer/aurex/config/config.go:65.16,66.37 1 0
github.com/amezianechayer/aurex/config/config.go:71.46,74.17 2 0
github.com/amezianechayer/aurex/config/config.go:74.17,75.14 1 0
github.com/amezianechayer/aurex/config/config.go:81.47,84.17 2 0
github.com/amezianechayer/aurex/config/config.go:84.17,85.14 1 0
github.com/amezianechayer/aurex/config/config.go:97.31,100.17 2 0
github.com/amezianechayer/aurex/config/config.go:104.3,106.17 2 0
github.com/amezianechayer/aurex/config/config.go:111.3,111.15 1 0
github.com/amezianechayer/aurex/config/config.go:100.17,101.12 1 0
github.com/amezianechayer/aurex/config/config.go:106.17,109.4 2 0
github.com/amezianechayer/aurex/config/config.go:114.12,116.3 1 0
github.com/amezianechayer/aurex/config/config.go:120.52,122.3 1 0
github.com/amezianechayer/aurex/storage/postgres/accounts.go:11.50,25.2 4 0
github.com/amezianechayer/aurex/storage/postgres/accounts.go:27.69,34.19 5 0
github.com/amezianechayer/aurex/storage/postgres/accounts.go:38.2,48.16 4 0
github.com/amezianechayer/aurex/storage/postgres/accounts.go:52.2,59.19 2 0
github.com/amezianechayer/aurex/storage/postgres/accounts.go:63.2,71.16 3 0
github.com/amezianechayer/aurex/storage/postgres/accounts.go:75.2,75.18 1 0
github.com/amezianechayer/aurex/storage/postgres/accounts.go:90.2,98.15 7 0
github.com/amezianechayer/aurex/storage/postgres/accounts.go:34.19,36.3 1 0
github.com/amezianechayer/aurex/storage/postgres/accounts.go:48.16,50.3 1 0
github.com/amezianechayer/aurex/storage/postgres/accounts.go:59.19,61.3 1 0
github.com/amezianechayer/aurex/storage/postgres/accounts.go:71.16,73.3 1 0
github.com/amezianechayer/aurex/storage/postgres/accounts.go:75.18,80.17 3 0
github.com/amezianechayer/aurex/storage/postgres/accounts.go:84.3,87.5 1 0
github.com/amezianechayer/aurex/storage/postgres/accounts.go:80.17,82.4 1 0
github.com/amezianechayer/aurex/storage/postgres/transactions.go:13.65,16.23 2 0
github.com/amezianechayer/aurex/storage/postgres/transactions.go:58.2,58.40 1 0
github.com/amezianechayer/aurex/storage/postgres/transactions.go:16.23,19.24 2 0
github.com/amezianechayer/aurex/storage/postgres/transactions.go:23.3,30.17 2 0
github.com/amezianechayer/aurex/storage/postgres/transactions.go:36.3,36.32 1 0
github.com/amezianechayer/aurex/storage/postgres/transactions.go:19.24,21.4 1 0
github.com/amezianechayer/aurex/storage/postgres/transactions.go:30.17,34.4 2 0
github.com/amezianechayer/aurex/storage/postgres/transactions.go:36.32,50.18 2 0
github.com/amezianechayer/aurex/storage/postgres/transactions.go:50.18,54.5 2 0
github.com/amezianechayer/aurex/storage/postgres/transactions.go:61.54,70.2 3 0
github.com/amezianechayer/aurex/storage/postgres/transactions.go:72.73,84.19 9 0
github.com/amezianechayer/aurex/storage/postgres/transactions.go:88.2,88.27 1 0
github.com/amezianechayer/aurex/storage/postgres/transactions.go:95.2,118.16 9 0
github.com/amezianechayer/aurex/storage/postgres/transactions.go:122.2,124.18 2 0
github.com/amezianechayer/aurex/storage/postgres/transactions.go:155.2,155.33 1 0
github.com/amezianechayer/aurex/storage/postgres/transactions.go:159.2,159.42 1 0
github.com/amezianechayer/aurex/storage/postgres/transactions.go:163.2,165.15 2 0
github.com/amezianechayer/aurex/storage/postgres/transactions.go:84.19,86.3 1 0
github.com/amezianechayer/aurex/storage/postgres/transactions.go:88.27,93.3 1 0
github.com/amezianechayer/aurex/storage/postgres/transactions.go:118.16,120.3 1 0
github.com/amezianechayer/aurex/storage/postgres/transactions.go:124.18,141.39 6 0
github.com/amezianechayer/aurex/storage/postgres/transactions.go:150.3,152.25 3 0
github.com/amezianechayer/aurex/storage/postgres/transactions.go:141.39,148.4 1 0
github.com/amezianechayer/aurex/storage/postgres/transactions.go:155.33,157.3 1 0
github.com/amezianechayer/aurex/storage/postgres/transactions.go:159.42,161.3 1 0
github.com/amezianechayer/aurex/core/transaction.go:26.48,28.2 1 1
github.com/amezianechayer/aurex/core/transaction.go:30.52,39.2 6 1
github.com/amezianechayer/aurex/storage/postgres/aggregations.go:10.79,39.16 12 0
github.com/amezianechayer/aurex/storage/postgres/aggregations.go:44.2,44.18 1 0
github.com/amezianechayer/aurex/storage/postgres/aggregations.go:64.2,64.22 1 0
github.com/amezianechayer/aurex/storage/postgres/aggregations.go:39.16,42.3 2 0
github.com/amezianechayer/aurex/storage/postgres/aggregations.go:44.18,53.17 3 0
github.com/amezianechayer/aurex/storage/postgres/aggregations.go:57.3,57.22 1 0
github.com/amezianechayer/aurex/storage/postgres/aggregations.go:53.17,55.4 1 0
github.com/amezianechayer/aurex/storage/postgres/aggregations.go:57.22,59.4 1 0
github.com/amezianechayer/aurex/storage/postgres/aggregations.go:59.9,61.4 1 0
github.com/amezianechayer/aurex/storage/postgres/store.go:16.35,24.16 3 0
github.com/amezianechayer/aurex/storage/postgres/store.go:28.2,30.12 2 0
github.com/amezianechayer/aurex/storage/postgres/store.go:24.16,26.3 1 0
github.com/amezianechayer/aurex/storage/postgres/store.go:33.36,34.23 1 0
github.com/amezianechayer/aurex/storage/postgres/store.go:42.2,42.15 1 0
github.com/amezianechayer/aurex/storage/postgres/store.go:34.23,37.17 2 0
github.com/amezianechayer/aurex/storage/postgres/store.go:37.17,38.14 1 0
github.com/amezianechayer/aurex/storage/postgres/store.go:45.50,52.16 3 0
github.com/amezianechayer/aurex/storage/postgres/store.go:56.2,56.19 1 0
github.com/amezianechayer/aurex/storage/postgres/store.go:52.16,54.3 1 0
github.com/amezianechayer/aurex/storage/postgres/store.go:59.38,116.16 3 0
github.com/amezianechayer/aurex/storage/postgres/store.go:120.2,120.12 1 0
github.com/amezianechayer/aurex/storage/postgres/store.go:116.16,117.13 1 0
github.com/amezianechayer/aurex/storage/postgres/store.go:123.27,125.2 1 0
github.com/amezianechayer/aurex/storage/storage.go:23.47,24.26 1 0
github.com/amezianechayer/aurex/storage/storage.go:33.2,36.4 1 0
github.com/amezianechayer/aurex/storage/storage.go:25.16,26.28 1 0
github.com/amezianechayer/aurex/storage/storage.go:27.18,28.30 1 0
github.com/amezianechayer/aurex/storage/storage.go:29.10,30.8 1 0
github.com/amezianechayer/aurex/storage/sqlite/store_queries.go:11.80,15.19 3 1
github.com/amezianechayer/aurex/storage/sqlite/store_queries.go:20.2,21.25 2 1
github.com/amezianechayer/aurex/storage/sqlite/store_queries.go:26.2,41.19 2 1
github.com/amezianechayer/aurex/storage/sqlite/store_queries.go:15.19,18.3 2 0
github.com/amezianechayer/aurex/storage/sqlite/store_queries.go:21.25,24.3 2 0
github.com/amezianechayer/aurex/storage/sqlite/store_queries.go:44.87,48.19 3 0
github.com/amezianechayer/aurex/storage/sqlite/store_queries.go:53.2,86.19 3 0
github.com/amezianechayer/aurex/storage/sqlite/store_queries.go:48.19,51.3 2 0
github.com/amezianechayer/aurex/cmd/ui.go:14.26,17.22 2 0
github.com/amezianechayer/aurex/cmd/ui.go:28.2,28.16 1 0
github.com/amezianechayer/aurex/cmd/ui.go:18.15,19.46 1 0
github.com/amezianechayer/aurex/cmd/ui.go:20.17,21.77 1 0
github.com/amezianechayer/aurex/cmd/ui.go:22.16,23.42 1 0
github.com/amezianechayer/aurex/cmd/ui.go:24.10,25.67 1 0
github.com/amezianechayer/aurex/cmd/ui.go:28.16,30.3 1 0
github.com/amezianechayer/aurex/cmd/ui.go:35.47,51.3 6 0
github.com/amezianechayer/aurex/config/config.go:36.29,41.16 3 1
github.com/amezianechayer/aurex/config/config.go:45.2,49.10 3 1
github.com/amezianechayer/aurex/config/config.go:41.16,42.37 1 0
github.com/amezianechayer/aurex/config/config.go:52.36,56.2 2 0
github.com/amezianechayer/aurex/config/config.go:58.45,65.16 3 0
github.com/amezianechayer/aurex/config/config.go:69.2,71.46 2 0
github.com/amezianechayer/aurex/config/config.go:79.2,81.47 2 0
github.com/amezianechayer/aurex/config/config.go:89.2,97.31 4 0
github.com/amezianechayer/aurex/config/config.go:114.2,114.12 1 0
github.com/amezianechayer/aurex/config/config.go:118.2,120.52 2 0
github.com/amezianechayer/aurex/config/config.go:124.2,124.13 1 0
github.com/amezianechayer/aurex/config/config.go:65.16,66.37 1 0
github.com/amezianechayer/aurex/config/config.go:71.46,74.17 2 0
github.com/amezianechayer/aurex/config/config.go:74.17,75.14 1 0
github.com/amezianechayer/aurex/config/config.go:81.47,84.17 2 0
github.com/amezianechayer/aurex/config/config.go:84.17,85.14 1 0
github.com/amezianechayer/aurex/config/config.go:97.31,100.17 2 0
github.com/amezianechayer/aurex/config/config.go:104.3,106.17 2 0
github.com/amezianechayer/aurex/config/config.go:111.3,111.15 1 0
github.com/amezianechayer/aurex/config/config.go:100.17,101.12 1 0
github.com/amezianechayer/aurex/config/config.go:106.17,109.4 2 0
github.com/amezianechayer/aurex/config/config.go:114.12,116.3 1 0
github.com/amezianechayer/aurex/config/config.go:120.52,122.3 1 0
github.com/amezianechayer/aurex/ledger/query/query.go:15.40,21.24 2 1
github.com/amezianechayer/aurex/ledger/query/query.go:25.2,25.10 1 1
github.com/amezianechayer/aurex/ledger/query/query.go:21.24,23.3 1 0
github.com/amezianechayer/aurex/ledger/query/query.go:28.50,29.30 1 0
github.com/amezianechayer/aurex/ledger/query/query.go:29.30,31.3 1 0
github.com/amezianechayer/aurex/ledger/query/query.go:34.48,36.2 1 1
github.com/amezianechayer/aurex/ledger/query/query.go:38.44,41.13 2 1
github.com/amezianechayer/aurex/ledger/query/query.go:45.2,45.11 1 1
github.com/amezianechayer/aurex/ledger/query/query.go:41.13,43.3 1 0
github.com/amezianechayer/aurex/ledger/query/query.go:48.32,49.24 1 1
github.com/amezianechayer/aurex/ledger/query/query.go:49.24,51.3 1 1
github.com/amezianechayer/aurex/ledger/query/query.go:54.35,55.24 1 0
github.com/amezianechayer/aurex/ledger/query/query.go:55.24,57.3 1 0
github.com/amezianechayer/aurex/ledger/query/query.go:60.37,61.24 1 0
github.com/amezianechayer/aurex/ledger/query/query.go:61.24,63.3 1 0
github.com/amezianechayer/aurex/ledger/query/query.go:66.36,67.24 1 0
github.com/amezianechayer/aurex/ledger/query/query.go:67.24,69.3 1 0
github.com/amezianechayer/aurex/ledger/query/query.go:72.41,73.24 1 0
github.com/amezianechayer/aurex/ledger/query/query.go:73.24,75.3 1 0
github.com/amezianechayer/aurex/storage/postgres/accounts.go:11.50,25.2 4 0
github.com/amezianechayer/aurex/storage/postgres/accounts.go:27.69,34.19 5 0
github.com/amezianechayer/aurex/storage/postgres/accounts.go:38.2,48.16 4 0
github.com/amezianechayer/aurex/storage/postgres/accounts.go:52.2,59.19 2 0
github.com/amezianechayer/aurex/storage/postgres/accounts.go:63.2,71.16 3 0
github.com/amezianechayer/aurex/storage/postgres/accounts.go:75.2,75.18 1 0
github.com/amezianechayer/aurex/storage/postgres/accounts.go:90.2,98.15 7 0
github.com/amezianechayer/aurex/storage/postgres/accounts.go:34.19,36.3 1 0
github.com/amezianechayer/aurex/storage/postgres/accounts.go:48.16,50.3 1 0
github.com/amezianechayer/aurex/storage/postgres/accounts.go:59.19,61.3 1 0
github.com/amezianechayer/aurex/storage/postgres/accounts.go:71.16,73.3 1 0
github.com/amezianechayer/aurex/storage/postgres/accounts.go:75.18,80.17 3 0
github.com/amezianechayer/aurex/storage/postgres/accounts.go:84.3,87.5 1 0
github.com/amezianechayer/aurex/storage/postgres/accounts.go:80.17,82.4 1 0
github.com/amezianechayer/aurex/ledger/executor.go:12.52,13.24 1 1
github.com/amezianechayer/aurex/ledger/executor.go:17.2,20.16 3 1
github.com/amezianechayer/aurex/ledger/executor.go:24.2,24.79 1 1
github.com/amezianechayer/aurex/ledger/executor.go:28.2,33.12 3 1
github.com/amezianechayer/aurex/ledger/executor.go:13.24,15.3 1 0
github.com/amezianechayer/aurex/ledger/executor.go:20.16,22.3 1 1
github.com/amezianechayer/aurex/ledger/executor.go:24.79,26.3 1 1
github.com/amezianechayer/aurex/core/asset.go:5.34,9.2 2 0
github.com/amezianechayer/aurex/storage/postgres/transactions.go:13.65,16.23 2 0
github.com/amezianechayer/aurex/storage/postgres/transactions.go:58.2,58.40 1 0
github.com/amezianechayer/aurex/storage/postgres/transactions.go:16.23,19.24 2 0
github.com/amezianechayer/aurex/storage/postgres/transactions.go:23.3,30.17 2 0
github.com/amezianechayer/aurex/storage/postgres/transactions.go:36.3,36.32 1 0
github.com/amezianechayer/aurex/storage/postgres/transactions.go:19.24,21.4 1 0
github.com/amezianechayer/aurex/storage/postgres/transactions.go:30.17,34.4 2 0
github.com/amezianechayer/aurex/storage/postgres/transactions.go:36.32,50.18 2 0
github.com/amezianechayer/aurex/storage/postgres/transactions.go:50.18,54.5 2 0
github.com/amezianechayer/aurex/storage/postgres/transactions.go:61.54,70.2 3 0
github.com/amezianechayer/aurex/storage/postgres/transactions.go:72.73,84.19 9 0
github.com/amezianechayer/aurex/storage/postgres/transactions.go:88.2,88.27 1 0
github.com/amezianechayer/aurex/storage/postgres/transactions.go:95.2,118.16 9 0
github.com/amezianechayer/aurex/storage/postgres/transactions.go:122.2,124.18 2 0
github.com/amezianechayer/aurex/storage/postgres/transactions.go:155.2,155.33 1 0
github.com/amezianechayer/aurex/storage/postgres/transactions.go:159.2,159.42 1 0
github.com/amezianechayer/aurex/storage/postgres/transactions.go:163.2,165.15 2 0
github.com/amezianechayer/aurex/storage/postgres/transactions.go:84.19,86.3 1 0
github.com/amezianechayer/aurex/storage/postgres/transactions.go:88.27,93.3 1 0
github.com/amezianechayer/aurex/storage/postgres/transactions.go:118.16,120.3 1 0
github.com/amezianechayer/aurex/storage/postgres/transactions.go:124.18,141.39 6 0
github.com/amezianechayer/aurex/storage/postgres/transactions.go:150.3,152.25 3 0
github.com/amezianechayer/aurex/storage/postgres/transactions.go:141.39,148.4 1 0
github.com/amezianechayer/aurex/storage/postgres/transactions.go:155.33,157.3 1 0
github.com/amezianechayer/aurex/storage/postgres/transactions.go:159.42,161.3 1 0
github.com/amezianechayer/aurex/storage/sqlite/store.go:22.54,33.16 3 1
github.com/amezianechayer/aurex/storage/sqlite/store.go:37.2,39.8 1 1
github.com/amezianechayer/aurex/storage/sqlite/store.go:33.16,35.3 1 0
github.com/amezianechayer/aurex/storage/sqlite/store.go:42.42,89.2 2 1
github.com/amezianechayer/aurex/storage/sqlite/store.go:91.31,94.2 2 1
github.com/amezianechayer/aurex/storage/sqlite/store.go:96.69,99.23 2 1
github.com/amezianechayer/aurex/storage/sqlite/store.go:143.2,143.20 1 1
github.com/amezianechayer/aurex/storage/sqlite/store.go:99.23,102.24 2 1
github.com/amezianechayer/aurex/storage/sqlite/store.go:106.3,113.17 2 1
github.com/amezianechayer/aurex/storage/sqlite/store.go:119.3,119.32 1 1
github.com/amezianechayer/aurex/storage/sqlite/store.go:102.24,104.4 1 1
github.com/amezianechayer/aurex/storage/sqlite/store.go:113.17,117.4 2 1
github.com/amezianechayer/aurex/storage/sqlite/store.go:119.32,135.18 2 1
github.com/amezianechayer/aurex/storage/sqlite/store.go:135.18,139.5 2 0
github.com/amezianechayer/aurex/storage/sqlite/store.go:146.58,152.2 3 1
github.com/amezianechayer/aurex/storage/sqlite/store.go:154.77,162.27 5 1
github.com/amezianechayer/aurex/storage/sqlite/store.go:168.2,176.16 4 1
github.com/amezianechayer/aurex/storage/sqlite/store.go:181.2,183.18 2 1
github.com/amezianechayer/aurex/storage/sqlite/store.go:222.2,222.33 1 1
github.com/amezianechayer/aurex/storage/sqlite/store.go:226.2,226.42 1 1
github.com/amezianechayer/aurex/storage/sqlite/store.go:230.2,237.15 6 1
github.com/amezianechayer/aurex/storage/sqlite/store.go:162.27,164.3 1 0
github.com/amezianechayer/aurex/storage/sqlite/store.go:164.8,166.3 1 1
github.com/amezianechayer/aurex/storage/sqlite/store.go:176.16,179.3 2 0
github.com/amezianechayer/aurex/storage/sqlite/store.go:183.18,200.17 6 1
github.com/amezianechayer/aurex/storage/sqlite/store.go:204.3,204.17 1 1
github.com/amezianechayer/aurex/storage/sqlite/store.go:208.3,208.39 1 1
github.com/amezianechayer/aurex/storage/sqlite/store.go:217.3,219.25 3 1
github.com/amezianechayer/aurex/storage/sqlite/store.go:200.17,202.4 1 0
github.com/amezianechayer/aurex/storage/sqlite/store.go:204.17,206.4 1 0
github.com/amezianechayer/aurex/storage/sqlite/store.go:208.39,215.4 1 1
github.com/amezianechayer/aurex/storage/sqlite/store.go:222.33,224.3 1 1
github.com/amezianechayer/aurex/storage/sqlite/store.go:226.42,228.3 1 0
github.com/amezianechayer/aurex/storage/sqlite/store.go:240.54,254.2 3 1
github.com/amezianechayer/aurex/storage/sqlite/store.go:256.73,262.19 4 0
github.com/amezianechayer/aurex/storage/sqlite/store.go:266.2,282.16 3 0
github.com/amezianechayer/aurex/storage/sqlite/store.go:286.2,304.16 2 0
github.com/amezianechayer/aurex/storage/sqlite/store.go:308.2,308.18 1 0
github.com/amezianechayer/aurex/storage/sqlite/store.go:323.2,331.15 7 0
github.com/amezianechayer/aurex/storage/sqlite/store.go:262.19,264.3 1 0
github.com/amezianechayer/aurex/storage/sqlite/store.go:282.16,284.3 1 0
github.com/amezianechayer/aurex/storage/sqlite/store.go:304.16,306.3 1 0
github.com/amezianechayer/aurex/storage/sqlite/store.go:308.18,313.17 3 0
github.com/amezianechayer/aurex/storage/sqlite/store.go:317.3,320.5 1 0
github.com/amezianechayer/aurex/storage/sqlite/store.go:313.17,315.4 1 0
github.com/amezianechayer/aurex/storage/sqlite/store.go:334.83,354.16 3 1
github.com/amezianechayer/aurex/storage/sqlite/store.go:358.2,358.18 1 1
github.com/amezianechayer/aurex/storage/sqlite/store.go:378.2,378.22 1 1
github.com/amezianechayer/aurex/storage/sqlite/store.go:354.16,356.3 1 0
github.com/amezianechayer/aurex/storage/sqlite/store.go:358.18,367.17 3 1
github.com/amezianechayer/aurex/storage/sqlite/store.go:371.3,371.21 1 1
github.com/amezianechayer/aurex/storage/sqlite/store.go:367.17,369.4 1 0
github.com/amezianechayer/aurex/storage/sqlite/store.go:371.21,373.4 1 1
github.com/amezianechayer/aurex/storage/sqlite/store.go:373.9,375.4 1 1
github.com/amezianechayer/aurex/cmd/root.go:22.16,29.48 2 0
github.com/amezianechayer/aurex/cmd/root.go:53.2,71.48 4 0
github.com/amezianechayer/aurex/cmd/root.go:78.2,82.39 4 0
github.com/amezianechayer/aurex/cmd/root.go:29.48,32.31 1 0
github.com/amezianechayer/aurex/cmd/root.go:49.4,49.13 1 0
github.com/amezianechayer/aurex/cmd/root.go:32.31,35.58 2 0
github.com/amezianechayer/aurex/cmd/root.go:39.7,39.16 1 0
github.com/amezianechayer/aurex/cmd/root.go:35.58,37.8 1 0
github.com/amezianechayer/aurex/cmd/root.go:45.54,46.6 0 0
github.com/amezianechayer/aurex/cmd/root.go:71.48,75.4 3 0
github.com/amezianechayer/aurex/cmd/root.go:82.39,85.3 2 0
github.com/amezianechayer/aurex/main.go:7.13,9.2 1 0
github.com/amezianechayer/aurex/ledger/stats.go:8.41,13.16 3 1
github.com/amezianechayer/aurex/ledger/stats.go:17.2,19.16 2 1
github.com/amezianechayer/aurex/ledger/stats.go:23.2,26.8 1 1
github.com/amezianechayer/aurex/ledger/stats.go:13.16,15.3 1 0
github.com/amezianechayer/aurex/ledger/stats.go:19.16,21.3 1 0
github.com/amezianechayer/aurex/api/http.go:21.78,26.39 3 0
github.com/amezianechayer/aurex/api/http.go:33.2,33.39 1 0
github.com/amezianechayer/aurex/api/http.go:42.2,42.46 1 0
github.com/amezianechayer/aurex/api/http.go:55.2,55.47 1 0
github.com/amezianechayer/aurex/api/http.go:66.2,66.42 1 0
github.com/amezianechayer/aurex/api/http.go:83.2,83.51 1 0
github.com/amezianechayer/aurex/api/http.go:92.2,98.42 2 0
github.com/amezianechayer/aurex/api/http.go:105.2,105.10 1 0
github.com/amezianechayer/aurex/api/http.go:26.39,31.3 1 0
github.com/amezianechayer/aurex/api/http.go:33.39,40.3 2 0
github.com/amezianechayer/aurex/api/http.go:42.46,53.3 2 0
github.com/amezianechayer/aurex/api/http.go:55.47,64.3 4 0
github.com/amezianechayer/aurex/api/http.go:66.42,76.17 3 0
github.com/amezianechayer/aurex/api/http.go:80.3,80.19 1 0
github.com/amezianechayer/aurex/api/http.go:76.17,78.4 1 0
github.com/amezianechayer/aurex/api/http.go:83.51,90.3 2 0
github.com/amezianechayer/aurex/api/http.go:98.42,102.4 2 0
github.com/amezianechayer/aurex/api/http.go:108.27,110.2 1 0
github.com/amezianechayer/aurex/ledger/ledger.go:25.67,29.16 3 1
github.com/amezianechayer/aurex/ledger/ledger.go:33.2,39.42 2 1
github.com/amezianechayer/aurex/ledger/ledger.go:51.2,51.15 1 1
github.com/amezianechayer/aurex/ledger/ledger.go:29.16,31.3 1 0
github.com/amezianechayer/aurex/ledger/ledger.go:39.42,43.4 3 0
github.com/amezianechayer/aurex/ledger/ledger.go:44.41,48.4 3 0
github.com/amezianechayer/aurex/ledger/ledger.go:54.26,56.2 1 1
github.com/amezianechayer/aurex/ledger/ledger.go:58.54,66.20 6 1
github.com/amezianechayer/aurex/ledger/ledger.go:76.2,78.20 2 1
github.com/amezianechayer/aurex/ledger/ledger.go:104.2,104.23 1 1
github.com/amezianechayer/aurex/ledger/ledger.go:141.2,145.12 3 1
github.com/amezianechayer/aurex/ledger/ledger.go:66.20,69.17 2 1
github.com/amezianechayer/aurex/ledger/ledger.go:73.3,73.18 1 1
github.com/amezianechayer/aurex/ledger/ledger.go:69.17,71.4 1 0
github.com/amezianechayer/aurex/ledger/ledger.go:78.20,79.31 1 1
github.com/amezianechayer/aurex/ledger/ledger.go:83.3,89.36 5 1
github.com/amezianechayer/aurex/ledger/ledger.go:79.31,81.4 1 0
github.com/amezianechayer/aurex/ledger/ledger.go:89.36,90.34 1 1
github.com/amezianechayer/aurex/ledger/ledger.go:94.4,96.39 2 1
github.com/amezianechayer/aurex/ledger/ledger.go:100.4,100.42 1 1
github.com/amezianechayer/aurex/ledger/ledger.go:90.34,92.5 1 1
github.com/amezianechayer/aurex/ledger/ledger.go:96.39,98.5 1 1
github.com/amezianechayer/aurex/ledger/ledger.go:104.23,105.23 1 1
github.com/amezianechayer/aurex/ledger/ledger.go:109.3,111.31 2 1
github.com/amezianechayer/aurex/ledger/ledger.go:119.3,119.23 1 1
github.com/amezianechayer/aurex/ledger/ledger.go:123.3,125.17 2 1
github.com/amezianechayer/aurex/ledger/ledger.go:129.3,129.29 1 1
github.com/amezianechayer/aurex/ledger/ledger.go:105.23,106.12 1 1
github.com/amezianechayer/aurex/ledger/ledger.go:111.31,112.28 1 1
github.com/amezianechayer/aurex/ledger/ledger.go:116.4,116.35 1 1
github.com/amezianechayer/aurex/ledger/ledger.go:112.28,113.13 1 1
github.com/amezianechayer/aurex/ledger/ledger.go:119.23,120.12 1 1
github.com/amezianechayer/aurex/ledger/ledger.go:125.17,127.4 1 0
github.com/amezianechayer/aurex/ledger/ledger.go:129.29,132.38 2 1
github.com/amezianechayer/aurex/ledger/ledger.go:132.38,137.5 1 1
github.com/amezianechayer/aurex/ledger/ledger.go:148.65,156.16 5 1
github.com/amezianechayer/aurex/ledger/ledger.go:160.2,162.19 2 1
github.com/amezianechayer/aurex/ledger/ledger.go:166.2,168.16 2 1
github.com/amezianechayer/aurex/ledger/ledger.go:156.16,158.3 1 0
github.com/amezianechayer/aurex/ledger/ledger.go:162.19,164.3 1 1
github.com/amezianechayer/aurex/ledger/ledger.go:171.83,176.2 3 0
github.com/amezianechayer/aurex/ledger/ledger.go:178.79,184.2 3 0
github.com/amezianechayer/aurex/ledger/ledger.go:186.67,194.16 3 1
github.com/amezianechayer/aurex/ledger/ledger.go:198.2,200.21 2 1
github.com/amezianechayer/aurex/ledger/ledger.go:194.16,196.3 1 0
github.com/amezianechayer/aurex/ledger/verification.go:3.33,6.2 1 1
